// Jest Snapshot v1, https://goo.gl/fbAQLP

exports[`Footer should render without props 1`] = `
Object {
  "asFragment": [Function],
  "baseElement": <body>
    <div>
      <footer
        class="css-mpmvk1"
      >
        <div>
          <div>
            <div>
              <img
                alt=""
                src="coding.webp"
              />
            </div>
            <div>
              <p>
                This
                 
                <a
                  href="https://en.wikipedia.org/wiki/Webring"
                  rel="noopener noreferrer"
                  target="_blank"
                >
                  Amazing Front-end Developer's Ring
                </a>
                 
                site is owned by
                 
                <a
                  href="https://en.wikipedia.org/wiki/Webring"
                  rel="noopener noreferrer"
                  target="_blank"
                >
                  Paul Kevin Koehler
                </a>
                .
              </p>
              <p>
                Want to join the
                 
                <a
                  href="https://en.wikipedia.org/wiki/Webring"
                  rel="noopener noreferrer"
                  target="_blank"
                >
                  Amazing Front-end Developer's Ring
                </a>
                ?
              </p>
            </div>
            <div>
              <img
                alt=""
                src="reading.webp"
              />
            </div>
          </div>
          <div>
            [
            <a
              href="https://en.wikipedia.org/wiki/Webring"
              rel="noopener noreferrer"
              target="_blank"
            >
              Prev
            </a>
            ] [
            <a
              href="https://en.wikipedia.org/wiki/Webring"
              rel="noopener noreferrer"
              target="_blank"
            >
              Next
            </a>
            ] [
            <a
              href="https://en.wikipedia.org/wiki/Webring"
              rel="noopener noreferrer"
              target="_blank"
            >
              Random
            </a>
            ] [
            <a
              href="https://en.wikipedia.org/wiki/Webring"
              rel="noopener noreferrer"
              target="_blank"
            >
              List
            </a>
            ]
          </div>
        </div>
        <div>
          <img
            alt=""
            src="uc-digger.gif"
          />
          <img
            alt=""
            src="uc-main.gif"
          />
          <img
            alt=""
            src="uc-digger.gif"
          />
        </div>
        <div>
          <a
            href="https://www.hitwebcounter.com/"
            rel="noopener noreferrer"
            target="_blank"
          >
            <img
              alt="hitwebcounter"
              src="https://hitwebcounter.com/counter/counter.php?page=7200063&style=0038&nbdigits=7&type=page&initCount=325145"
            />
          </a>
        </div>
      </footer>
    </div>
  </body>,
  "container": <div>
    <footer
      class="css-mpmvk1"
    >
      <div>
        <div>
          <div>
            <img
              alt=""
              src="coding.webp"
            />
          </div>
          <div>
            <p>
              This
               
              <a
                href="https://en.wikipedia.org/wiki/Webring"
                rel="noopener noreferrer"
                target="_blank"
              >
                Amazing Front-end Developer's Ring
              </a>
               
              site is owned by
               
              <a
                href="https://en.wikipedia.org/wiki/Webring"
                rel="noopener noreferrer"
                target="_blank"
              >
                Paul Kevin Koehler
              </a>
              .
            </p>
            <p>
              Want to join the
               
              <a
                href="https://en.wikipedia.org/wiki/Webring"
                rel="noopener noreferrer"
                target="_blank"
              >
                Amazing Front-end Developer's Ring
              </a>
              ?
            </p>
          </div>
          <div>
            <img
              alt=""
              src="reading.webp"
            />
          </div>
        </div>
        <div>
          [
          <a
            href="https://en.wikipedia.org/wiki/Webring"
            rel="noopener noreferrer"
            target="_blank"
          >
            Prev
          </a>
          ] [
          <a
            href="https://en.wikipedia.org/wiki/Webring"
            rel="noopener noreferrer"
            target="_blank"
          >
            Next
          </a>
          ] [
          <a
            href="https://en.wikipedia.org/wiki/Webring"
            rel="noopener noreferrer"
            target="_blank"
          >
            Random
          </a>
          ] [
          <a
            href="https://en.wikipedia.org/wiki/Webring"
            rel="noopener noreferrer"
            target="_blank"
          >
            List
          </a>
          ]
        </div>
      </div>
      <div>
        <img
          alt=""
          src="uc-digger.gif"
        />
        <img
          alt=""
          src="uc-main.gif"
        />
        <img
          alt=""
          src="uc-digger.gif"
        />
      </div>
      <div>
        <a
          href="https://www.hitwebcounter.com/"
          rel="noopener noreferrer"
          target="_blank"
        >
          <img
            alt="hitwebcounter"
            src="https://hitwebcounter.com/counter/counter.php?page=7200063&style=0038&nbdigits=7&type=page&initCount=325145"
          />
        </a>
      </div>
    </footer>
  </div>,
  "debug": [Function],
  "findAllByAltText": [Function],
  "findAllByDisplayValue": [Function],
  "findAllByLabelText": [Function],
  "findAllByPlaceholderText": [Function],
  "findAllByRole": [Function],
  "findAllByTestId": [Function],
  "findAllByText": [Function],
  "findAllByTitle": [Function],
  "findByAltText": [Function],
  "findByDisplayValue": [Function],
  "findByLabelText": [Function],
  "findByPlaceholderText": [Function],
  "findByRole": [Function],
  "findByTestId": [Function],
  "findByText": [Function],
  "findByTitle": [Function],
  "getAllByAltText": [Function],
  "getAllByDisplayValue": [Function],
  "getAllByLabelText": [Function],
  "getAllByPlaceholderText": [Function],
  "getAllByRole": [Function],
  "getAllByTestId": [Function],
  "getAllByText": [Function],
  "getAllByTitle": [Function],
  "getByAltText": [Function],
  "getByDisplayValue": [Function],
  "getByLabelText": [Function],
  "getByPlaceholderText": [Function],
  "getByRole": [Function],
  "getByTestId": [Function],
  "getByText": [Function],
  "getByTitle": [Function],
  "queryAllByAltText": [Function],
  "queryAllByDisplayValue": [Function],
  "queryAllByLabelText": [Function],
  "queryAllByPlaceholderText": [Function],
  "queryAllByRole": [Function],
  "queryAllByTestId": [Function],
  "queryAllByText": [Function],
  "queryAllByTitle": [Function],
  "queryByAltText": [Function],
  "queryByDisplayValue": [Function],
  "queryByLabelText": [Function],
  "queryByPlaceholderText": [Function],
  "queryByRole": [Function],
  "queryByTestId": [Function],
  "queryByText": [Function],
  "queryByTitle": [Function],
  "rerender": [Function],
  "unmount": [Function],
}
`;
